#-----------------------------------------------------------
# Vivado v2017.1 (64-bit)
# SW Build 1846317 on Fri Apr 14 18:54:47 MDT 2017
# IP Build 1846188 on Fri Apr 14 20:52:08 MDT 2017
# Start of session at: Thu Apr 29 15:28:15 2021
# Process ID: 126611
# Current directory: /home/lycheus/rc-fpga-zcu/zcu102/zcu102_rocketchip_ZynqConfig/zcu102_rocketchip_ZynqConfig.runs/system_processing_system7_0_0_synth_1
# Command line: vivado -log system_processing_system7_0_0.vds -product Vivado -mode batch -messageDb vivado.pb -notrace -source system_processing_system7_0_0.tcl
# Log file: /home/lycheus/rc-fpga-zcu/zcu102/zcu102_rocketchip_ZynqConfig/zcu102_rocketchip_ZynqConfig.runs/system_processing_system7_0_0_synth_1/system_processing_system7_0_0.vds
# Journal file: /home/lycheus/rc-fpga-zcu/zcu102/zcu102_rocketchip_ZynqConfig/zcu102_rocketchip_ZynqConfig.runs/system_processing_system7_0_0_synth_1/vivado.jou
#-----------------------------------------------------------
source system_processing_system7_0_0.tcl -notrace
